// Jest Snapshot v1, https://goo.gl/fbAQLP

exports[`StyledOcticon matches the snapshot 1`] = `
<svg
  aria-hidden="true"
  className=""
  height={16}
  role="img"
  style={
    Object {
      "display": "inline-block",
      "fill": "currentColor",
      "userSelect": "none",
      "verticalAlign": "text-bottom",
    }
  }
  viewBox="0 0 12 16"
  width={12}
>
  <path
    d="M7.48 8l3.75 3.75-1.48 1.48L6 9.48l-3.75 3.75-1.48-1.48L4.52 8 .77 4.25l1.48-1.48L6 6.52l3.75-3.75 1.48 1.48L7.48 8z"
    fillRule="evenodd"
  />
</svg>
`;
